#-----------------------------------------------------------
# Vivado v2023.2 (64-bit)
# SW Build 4029153 on Fri Oct 13 20:14:34 MDT 2023
# IP Build 4028589 on Sat Oct 14 00:45:43 MDT 2023
# SharedData Build 4025554 on Tue Oct 10 17:18:54 MDT 2023
# Start of session at: Thu Dec 14 18:05:12 2023
# Process ID: 15860
# Current directory: C:/Users/HP/Desktop/RCS/HW02/EbraahimianHW2codesign/EbraahimianHW2codesign.runs/PL_phase_c_shift_ram_0_2_synth_1
# Command line: vivado.exe -log PL_phase_c_shift_ram_0_2.vds -product Vivado -mode batch -messageDb vivado.pb -notrace -source PL_phase_c_shift_ram_0_2.tcl
# Log file: C:/Users/HP/Desktop/RCS/HW02/EbraahimianHW2codesign/EbraahimianHW2codesign.runs/PL_phase_c_shift_ram_0_2_synth_1/PL_phase_c_shift_ram_0_2.vds
# Journal file: C:/Users/HP/Desktop/RCS/HW02/EbraahimianHW2codesign/EbraahimianHW2codesign.runs/PL_phase_c_shift_ram_0_2_synth_1\vivado.jou
# Running On: DESKTOP-C5H8N6H, OS: Windows, CPU Frequency: 2688 MHz, CPU Physical cores: 14, Host memory: 16876 MB
#-----------------------------------------------------------
source PL_phase_c_shift_ram_0_2.tcl -notrace
